Building for debugging...
[0/39] Write sources
[4/39] Write swift-version--67B1AD778A6B9081.txt
[6/36] Compiling VigilBitstream LengthPrefixed.swift
[7/36] Emitting module VigilBitstream
[9/37] Compiling VigilRTP AccessUnitBuilder.swift
/home/user/camera/Sources/VigilRTP/Track/AccessUnitBuilder.swift:162:16: warning: variable 'open' was never mutated; consider changing to 'let' constant
160 |         }
161 | 
162 |         if var open = pending {
    |                `- warning: variable 'open' was never mutated; consider changing to 'let' constant
163 |             let timestampChanged = open.rtpTimestamp != packet.timestamp
164 |             let prefixAfterSlices = descriptor.isPrefix && open.sawVCL
[10/37] Emitting module VigilRTP
[11/42] Compiling VigilRTP Depacketizer.swift
[12/42] Compiling VigilRTP RTPTrackFormat.swift
[13/42] Compiling VigilRTP RTPTrackReceiver.swift
[14/42] Compiling VigilRTP H264Depacketizer.swift
[15/42] Compiling VigilRTP H265Depacketizer.swift
[16/43] Wrapping AST for VigilRTP for debugging
[17/43] Write Objects.LinkFileList
[18/44] Archiving libVigilPure.a
[20/51] Emitting module VigilCore
[21/51] Write Objects.LinkFileList
[22/51] Linking Vigil
[24/51] Compiling VigilTestKit SyntheticBitWriter.swift
[25/51] Compiling VigilTestKit SyntheticCameraProfile.swift
[26/51] Compiling VigilTestKit HarnessReport.swift
[27/51] Compiling VigilTestKit PipelineHarness.swift
[28/53] Emitting module VigilTestKit
[29/53] Compiling VigilTestKit RecordingLogger.swift
[30/53] Compiling VigilTestKit GroundTruth.swift
[31/53] Compiling VigilTestKit SyntheticParameterSets.swift
[32/53] Compiling VigilTestKit SyntheticRTSPServer.swift
[34/58] Emitting module VigilUITests
[35/59] Emitting module VigilVideoTests
[36/60] Emitting module VigilCoreTests
[40/60] Emitting module VigilTransportTests
[42/66] Emitting module VigilRenderTests
[44/93] Emitting module VigilPipelineTests
[45/93] Compiling VigilPipelineTests PipelineHeadlineTests.swift
[46/93] Compiling VigilPipelineTests PipelineProfileTests.swift
[47/93] Compiling VigilPipelineTests PipelineQuirkTests.swift
[49/94] Emitting module VigilISAPITests
[51/94] Emitting module VigilRTSPTests
[53/95] Emitting module VigilDiscoveryTests
[54/96] Wrapping AST for VigilTestKit for debugging
[56/96] Compiling VigilProtocolsTests BitReaderTests.swift
[57/96] Compiling VigilProtocolsTests ByteReaderTests.swift
[58/97] Emitting module VigilRTPTests
[59/97] Emitting module VigilBitstreamTests
[61/97] Compiling VigilRTPTests RTPTrackReceiverTests.swift
[62/97] Compiling VigilProtocolsTests ASCIITests.swift
[63/97] Compiling VigilProtocolsTests Base64Tests.swift
[64/97] Compiling VigilRTPTests H265DepacketizerTests.swift
[65/98] Wrapping AST for VigilRTPTests for debugging
[67/98] Compiling VigilProtocolsTests MACAddressTests.swift
[68/98] Compiling VigilProtocolsTests MediaInstantTests.swift
[69/98] Compiling VigilProtocolsTests MediaTimestampTests.swift
[70/98] Compiling VigilProtocolsTests ParameterSetsTests.swift
[71/98] Compiling VigilProtocolsTests PercentEncodingTests.swift
[72/98] Compiling VigilProtocolsTests Placeholder.swift
[73/98] Compiling VigilProtocolsTests RTPTimestampWraparoundTests.swift
[74/105] Emitting module VigilProtocolsTests
[75/105] Compiling VigilProtocolsTests DecodePolicyTests.swift
[76/105] Compiling VigilProtocolsTests DeviceIdentifierTests.swift
[77/105] Compiling VigilProtocolsTests EncodedFrameTests.swift
[78/105] Compiling VigilProtocolsTests FrameGeometryTests.swift
[79/105] Compiling VigilProtocolsTests IPv4AddressTests.swift
[80/105] Compiling VigilProtocolsTests IPv4SubnetTests.swift
[81/105] Compiling VigilProtocolsTests LoggingTests.swift
[86/105] Compiling VigilProtocolsTests ByteWriterTests.swift
[87/105] Compiling VigilProtocolsTests CodecsTests.swift
[88/105] Compiling VigilProtocolsTests ConcurrencyUtilityTests.swift
[89/105] Compiling VigilProtocolsTests CryptoTests.swift
[90/105] Compiling VigilProtocolsTests RandomSourceTests.swift
[91/105] Compiling VigilProtocolsTests RedactTests.swift
[92/105] Compiling VigilProtocolsTests RingBufferTests.swift
[93/105] Compiling VigilProtocolsTests StreamStatisticsTests.swift
[94/105] Compiling VigilProtocolsTests TilePolicyTests.swift
[95/105] Compiling VigilProtocolsTests VideoFormatInfoTests.swift
[96/105] Compiling VigilProtocolsTests VigilErrorTests.swift
[97/106] /home/user/camera/.build-rtp-b/x86_64-unknown-linux-gnu/debug/VigilPackageDiscoveredTests.derived/all-discovered-tests.swift
[98/106] Write sources
[99/106] Wrapping AST for VigilProtocolsTests for debugging
[101/117] Compiling VigilPackageDiscoveredTests VigilRTSPTests.swift
[102/117] Compiling VigilPackageDiscoveredTests VigilRenderTests.swift
[103/117] Compiling VigilPackageDiscoveredTests VigilTransportTests.swift
[104/120] Compiling VigilPackageDiscoveredTests VigilBitstreamTests.swift
[105/120] Compiling VigilPackageDiscoveredTests VigilCoreTests.swift
[106/120] Compiling VigilPackageDiscoveredTests VigilDiscoveryTests.swift
[107/120] Compiling VigilPackageDiscoveredTests VigilISAPITests.swift
[108/120] Emitting module VigilPackageDiscoveredTests
[109/120] Compiling VigilPackageDiscoveredTests VigilPipelineTests.swift
[110/120] Compiling VigilPackageDiscoveredTests VigilProtocolsTests.swift
[111/120] Compiling VigilPackageDiscoveredTests VigilRTPTests.swift
[112/120] Compiling VigilPackageDiscoveredTests VigilUITests.swift
[113/120] Compiling VigilPackageDiscoveredTests VigilVideoTests.swift
[114/120] Compiling VigilPackageDiscoveredTests all-discovered-tests.swift
[115/121] /home/user/camera/.build-rtp-b/x86_64-unknown-linux-gnu/debug/VigilPackageTests.derived/runner.swift
[116/121] Write sources
[117/121] Wrapping AST for VigilPackageDiscoveredTests for debugging
[119/123] Emitting module VigilPackageTests
[120/123] Compiling VigilPackageTests runner.swift
[121/124] Wrapping AST for VigilPackageTests for debugging
[122/124] Write Objects.LinkFileList
[123/124] Linking VigilPackageTests.xctest
Build complete! (383.22s)
Test Suite 'Selected tests' started at 2026-07-26 17:55:32.845
Test Suite 'Selected tests' passed at 2026-07-26 17:55:32.850
	 Executed 0 tests, with 0 failures (0 unexpected) in 0.0 (0.0) seconds
◇ Test run started.
↳ Testing Library Version: 6.1.2 (d6b70f9ef9eb207)
↳ Target Platform: x86_64-unknown-linux-gnu
◇ Suite H265DepacketizerTests started.
◇ Suite RTCPReportGeneration started.
◇ Suite GapPolicyBehaviour started.
◇ Suite G711Tests started.
◇ Suite RTPHeaderExtensionElements started.
◇ Suite StatisticsAlgebra started.
◇ Suite AACDepacketizerTests started.
◇ Suite AudioSpecificConfigTests started.
◇ Suite RTPSourceStateBehaviour started.
◇ Suite ReorderBufferBehaviour started.
◇ Suite TimestampUnwrapping started.
◇ Suite ADTSBuilderTests started.
◇ Suite RTPTrackReceiverBehaviour started.
◇ Suite RTPPacketParsing started.
◇ Suite RTCPParsing started.
◇ Suite SequenceArithmetic started.
◇ Suite PresentationClockBehaviour started.
◇ Suite G726Tests started.
◇ Suite AccessUnitBoundaryTests started.
◇ Suite H264DepacketizerTests started.
◇ Test h265AggregationPacketUnpacksSeveralNALUnitsInOrder() started.
◇ Test h265LongFragmentRunRoundTripsWithAndWithoutDONL() started.
◇ Test h265FragmentUnitClaimingAnUnfragmentableTypeIsRejected() started.
◇ Test h265FragmentUnitsReassembleByteIdenticallyToTheOriginalNAL() started.
◇ Test h265AggregationPacketWithDONLUnpacksIdentically() started.
◇ Test h265FragmentUnitsWithDONLReassembleIdentically() started.
◇ Test h265RASLAfterCRAIsDropped() started.
◇ Test h265DONLDetectionReadsSpropMaxDonDiff() started.
◇ Test h265LostMiddleFragmentDiscardsTheRun() started.
◇ Test h265NonBaseLayerNALIsDropped() started.
◇ Test h265ShortPayloadIsReportedAndDropped() started.
◇ Test h265TypeClassificationMatchesTheStandard() started.
◇ Test h265PACIAndReservedTypesAreReportedAsUnsupported() started.
◇ Test h265RandomPayloadsNeverCrashOrEmitCorruptFrames() started.
◇ Test rtcpByeCarriesOurSSRCAndAPaddedReason() started.
◇ Test rtcpReportBuilderRoundTripsANegativeCumulativeLost() started.
◇ Test rtcpReceiverReportRoundTripsEveryField() started.
◇ Test rtcpReportBuilderProducesTheDocumentedSDESBytes() started.
◇ Test rtcpScheduleHalvesTheFirstIntervalAndRandomisesTheRest() started.
◇ Test rtcpFullIntraRequestIncrementsItsSequenceNumber() started.
◇ Test gapTrackerEscalatesAboveOnePercentLossAndRelaxesLater() started.
◇ Test gapTrackerNeverRequestsKeyframesForPlayback() started.
◇ Test gapTrackerThrottlesKeyframeRequests() started.
◇ Test g711RoundTripIsIdentityExceptForMuLawNegativeZero() started.
◇ Test g711SourceResolutionMatchesTheEncodingNames() started.
◇ Test g711DecodeTableMatchesTheReferenceAlgorithm() started.
◇ Test g711HandlesEmptyAndOddLengthBuffers() started.
◇ Test g711EncodeInvertsDecodeOverAWholePayload() started.
◇ Test g711TablesEqualTheClosedForms() started.
◇ Test g711DecodeWritesLittleEndianSampleBytes() started.
◇ Test g711DepacketizerProducesLittleEndianPCMWithTheRightDuration() started.
◇ Test rtpHeaderExtensionSkipsOneBytePaddingAndStopsAtIDFifteen() started.
◇ Test rtpHeaderExtensionTreatsAnUnknownProfileAsOpaque() started.
◇ Test rtpHeaderExtensionParsesTheTwoByteForm() started.
◇ Test rtpHeaderExtensionReportsTruncationWithoutFailingThePacket() started.
◇ Test statisticsConvergeOnAKnownBitrate() started.
◇ Test statisticsLossFractionReflectsAGapOverTheWindow() started.
◇ Test statisticsClampImplausibleFrameIntervals() started.
◇ Test statisticsLatencyEstimateSumsItsFourTerms() started.
◇ Test statisticsConvergeOnAKnownFrameRate() started.
◇ Test statisticsJitterIsPublishedWithoutASecondSmoothing() started.
◇ Test statisticsFrameRateMovesTowardsANewRateAtTheDocumentedAlpha() started.
◇ Test statisticsRecordTheDecodeFieldsVigilVideoWrites() started.
◇ Test statisticsIgnoreAudioFramesForTheVideoFrameRate() started.
◇ Test aacMissingConfigIsRejectedAtConstruction() started.
◇ Test aacZeroLengthHeaderSectionNeedsConstantSize() started.
◇ Test aacFragmentedAccessUnitIsConcatenatedAcrossPackets() started.
◇ Test aacModeComparisonIsCaseInsensitive() started.
◇ Test aacMultipleAccessUnitPacketProducesFramesInOrder() started.
◇ Test aacSizeMismatchEmitsNothingAndIsCounted() started.
◇ Test aacSingleAccessUnitPacketProducesOneFrame() started.
◇ Test aacHostilePayloadsAreDroppedSafely() started.
◇ Test audioSpecificConfigParsesTheDocumentedHikvisionConfigs() started.
◇ Test audioSpecificConfigFrequencyIndexInvertsTheTable() started.
◇ Test audioSpecificConfigFallsBackToMonoForAProgramConfigElement() started.
◇ Test audioSpecificConfigKeepsTheRawBytesAsTheMagicCookie() started.
◇ Test audioSpecificConfigHexParsingIsLenientButNotSloppy() started.
◇ Test audioSpecificConfigHandlesReservedAndEscapeFrequencyIndices() started.
◇ Test rtpSourceStateValidatesASourceOnItsSecondPacket() started.
◇ Test rtpSourceStateRestartsAfterTwoPacketsAtAWildlyDifferentSequence() started.
◇ Test rtpSourceStateJitterIsZeroForAPerfectlyPacedStream() started.
◇ Test rtpSourceStateReportBlockSaturatesFractionLost() started.
◇ Test rtpSourceStateArrivalConversionUsesIntegerMath() started.
◇ Test rtpSourceStateCountsLossAcrossASequenceWrap() started.
◇ Test h265AggregationPacketWithAnOversizedSubLengthIsRejectedSafely() started.
◇ Test rtpSourceStateFillsLastSenderReportAndDelayFields() started.
◇ Test h265AggregationPacketWithAOneByteUnitIsRejected() started.
◇ Test reorderBufferReportsAGapThatStraddlesTheWrapAsTwoRanges() started.
◇ Test reorderBufferEmitsAnInOrderRunAcrossTheWrap() started.
◇ Test reorderBufferEscalatesAndRelaxesWithoutLosingHeldPackets() started.
◇ Test reorderBufferRoundsCapacityUpToAPowerOfTwoAndCaps() started.
◇ Test reorderBufferForceFlushesWhenTheHoleExceedsItsCapacity() started.
◇ Test reorderBufferCountsALatePacketRatherThanReleasingItTwice() started.
◇ Test reorderBufferDropsADuplicateAcrossTheWrap() started.
◇ Test reorderBufferPassthroughStillReportsLossAndDuplicates() started.
◇ Test reorderBufferOrdersASwappedPairAcrossTheWrap() started.
◇ Test reorderBufferResetForgetsEverything() started.
◇ Test timestampUnwrapperProducesMonotoneOutputAcrossTwoToTheThirtySecond() started.
◇ Test timestampUnwrapperSeparatesAWrapFromADiscontinuity() started.
◇ Test timestampUnwrapperPlacesAReorderedPacketThatStraddlesTheWrap() started.
◇ Test timestampUnwrapperHonoursAnExplicitRTPInfoOrigin() started.
◇ Test timestampUnwrapperRebasesOnTheFirstValue() started.
◇ Test adtsHeaderEncodesFrameLengthAcrossItsThreeFields() started.
◇ Test adtsHeaderClampsAnUnknownSampleRate() started.
◇ Test adtsHeaderMatchesTheDocumentedVector() started.
◇ Test rtpTrackReceiverCapturesTheCameraSDESStrings() started.
◇ Test rtpTrackFormatResolvesTheHikvisionEncodingNames() started.
◇ Test rtpTrackReceiverReportsLossAndAsksForAKeyframeOnce() started.
◇ Test rtpTrackReceiverRefusesAFormatItCannotDepacketize() started.
◇ Test rtpTrackReceiverRateLimitsRepeatedMalformedEvents() started.
◇ Test rtpTrackReceiverSurvivesPseudoRandomBytes() started.
◇ Test rtpTrackReceiverDropsAPayloadTypeItDidNotNegotiate() started.
◇ Test rtpTrackReceiverReportsAByeForOurSource() started.
◇ Test rtpTrackFormatRejectsANonPositiveClockRate() started.
◇ Test rtpTrackReceiverResetKeepsMonotoneCountersAndClearsState() started.
◇ Test rtpTrackReceiverReportsAnSSRCChangeAndResetsEverything() started.
◇ Test rtpTrackReceiverCountsWireBytesForTheBitrate() started.
◇ Test rtpTrackReceiverCountsEachHeaderFailureSeparately() started.
◇ Test rtpTrackReceiverAbsorbsASenderReportAndPublishesTheWallClock() started.
◇ Test rtpTrackReceiverIgnoresAByeForADifferentSource() started.
◇ Test rtpTrackReceiverCountsAMisalignedRTCPBuffer() started.
◇ Test rtpTrackReceiverDropsAZeroLengthPayload() started.
◇ Test rtpTrackReceiverEmitsACompoundReportOnTheFirstTick() started.
◇ Test rtpTrackReceiverAcceptsAnRTPInfoSeed() started.
◇ Test rtpTrackReceiverOffersACoalescableDeadline() started.
◇ Test rtpPacketSurvivesTenThousandPseudoRandomBuffers() started.
◇ Test rtpPacketParsesEveryCSRCCountOffsetCorrectly() started.
◇ Test rtpPacketRejectsAnythingShorterThanTheFixedHeader() started.
◇ Test rtpPacketParsesTheSpecificationHeaderVector() started.
◇ Test rtpPacketAcceptsPaddingThatFillsTheWholePayload() started.
◇ Test rtpPacketStripsPaddingAndKeepsTheWireLength() started.
◇ Test rtpPacketRejectsAVersionOtherThanTwo() started.
◇ Test rtpSourceStateReproducesTheHandComputedA8JitterSequence() started.
◇ Test rtpPacketRejectsAZeroPaddingLength() started.
◇ Test rtpPacketRejectsATruncatedExtensionHeader() started.
◇ Test rtpPacketAcceptsAZeroWordHeaderExtension() started.
◇ Test rtpPacketRejectsPaddingThatWouldEatTheHeader() started.
◇ Test rtpPacketRejectsPaddingLargerThanThePacket() started.
◇ Test rtpPacketRejectsACSRCCountThatExceedsThePacket() started.
◇ Test rtpPacketParsesFromASliceWithANonZeroStartIndex() started.
◇ Test rtpPacketAcceptsAnEmptyPayloadAfterPaddingRemoval() started.
◇ Test rtpPacketRejectsAnExtensionLengthThatRunsPastTheEnd() started.
◇ Test rtpPacketParsesAOneByteHeaderExtension() started.
◇ Test rtcpFlagsAMisalignedBufferAndParsesWhatFits() started.
◇ Test rtcpSignExtendsANegativeCumulativeLost() started.
◇ Test rtcpSurvivesPseudoRandomBuffers() started.
◇ Test rtcpStopsAtASubPacketWhoseLengthOverrunsTheBuffer() started.
◇ Test rtcpParsesTheSpecificationSenderReportVector() started.
◇ Test rtcpParsesACompoundOfSenderReportSDESAndBye() started.
◇ Test rtcpSkipsAnUnknownPacketTypeByItsLength() started.
◇ Test rtcpRejectsAVersionOtherThanTwoWithoutTrapping() started.
◇ Test rtcpMarksAnUnsetCameraClockAsImplausible() started.
◇ Test seqGapRangesSplitsARunThatStraddlesTheWrap() started.
◇ Test sequenceUnwrapperDoesNotRewindOnAReorderedPacket() started.
◇ Test sequenceUnwrapperStaysMonotoneAcrossTheWrap() started.
◇ Test seqLessMatchesTheSpecificationTable() started.
◇ Test seqLessIsConsistentAcrossAWindowStraddlingTheWrap() started.
◇ Test seqGapRangesIsEmptyWhenNothingIsMissing() started.
◇ Test presentationClockSeedsOnItsFirstObservation() started.
◇ Test presentationClockHardResetsOnAOneSecondStep() started.
◇ Test presentationClockResetForgetsEverything() started.
◇ Test presentationClockIgnoresAsymmetricDelaySpikes() started.
◇ Test presentationClockConvergesToZeroRateErrorOnAConstantOffset() started.
◇ Test presentationClockTracksAPositiveRateError() started.
◇ Test presentationClockLatencyIsTheAgeOfTheFrame() started.
◇ Test g726PackingOrderDiffersBetweenRFC3551AndAAL2() started.
◇ Test g726ConstantCodewordStreamConverges() started.
◇ Test g726DecodeProducesTwoSamplesPerByte() started.
◇ Test g726DepacketizerCarriesStateBetweenPackets() started.
◇ Test g726StateStaysBoundedOverALongInput() started.
◇ Test boundaryPolicyResetForgetsEverythingLearned() started.
◇ Test boundaryMarkerNeverSetStillProducesOneAccessUnitPerPicture() started.
◇ Test boundaryMarkerOnEveryPacketDoesNotSplitPictures() started.
◇ Test boundaryMarkerNeverSetWithFragmentedSlicesStillBounded() started.
◇ Test boundaryTwoPicturesSharingATimestampSplitOnSliceHeader() started.
◇ Test boundaryPrefixNALAfterSlicesStartsNewAccessUnit() started.
◇ Test boundaryPolicyDemotesMarkerAfterTwoViolations() started.
◇ Test boundaryPrematureCloseSelfCorrectsAndRequestsAKeyframe() started.
◇ Test boundaryMultiSlicePictureStaysOneAccessUnit() started.
◇ Test boundaryIdleAccessUnitIsForceClosedByTheTimeout() started.
◇ Test boundaryConfiguredMarkerTrustPinsThePolicy() started.
◇ Test boundaryMarkerMidPictureDoesNotSplitAccessUnit() started.
◇ Test boundaryCleanMarkerIsLearnedReliableAndReported() started.
◇ Test h264STAPAUnpacksSeveralNALUnitsInOrder() started.
◇ Test h264ForbiddenBitSetIsDropped() started.
◇ Test h264STAPBSkipsItsDecodingOrderNumber() started.
◇ Test h264FillerDataIsDiscarded() started.
◇ Test h264FragmentUnitClaimingAnUnfragmentableTypeIsRejected() started.
◇ Test h264FragmentUnitsReassembleByteIdenticallyToTheOriginalNAL() started.
◇ Test h264STAPAWithAnOversizedSubLengthIsRejectedSafely() started.
◇ Test h264MTAPPacketsAreReportedAsUnsupported() started.
◇ Test h264LostLastFragmentDropsTheAccessUnit() started.
◇ Test h264LostFirstFragmentDiscardsTheRunAndEmitsNothing() started.
◇ Test h264DropClassFollowsNalRefIdc() started.
◇ Test h264RandomPayloadsNeverCrashOrEmitCorruptFrames() started.
◇ Test h264ZeroLengthPayloadIsReportedAndDropped() started.
◇ Test h264InBandParameterSetsAreSurfacedWithoutAFrameOfTheirOwn() started.
◇ Test h264TruncatedFragmentHeaderIsDropped() started.
◇ Test h264ResetKeepsSDPParameterSetsAndForgetsInBandOnes() started.
◇ Test h264LostMiddleFragmentDiscardsTheRunAndCountsTheLoss() started.
◇ Test h264STAPAWithAZeroLengthUnitIsRejected() started.
◇ Test h264SingleFragmentUnitIsAccepted() started.
◇ Test reorderBufferPassthroughAddsZeroLatencyForTheSameSequence() started.
◇ Test h265DONLRunningPastTheEndIsRejected() started.
✘ Test audioSpecificConfigParsesTheDocumentedHikvisionConfigs() recorded an issue at AudioDepacketizerTests.swift:31:13: Expectation failed: (format.channels → 2) == (channels → 1)
↳ 1210
✘ Test audioSpecificConfigParsesTheDocumentedHikvisionConfigs() recorded an issue at AudioDepacketizerTests.swift:31:13: Expectation failed: (format.channels → 2) == (channels → 1)
↳ 121056E500
✘ Test audioSpecificConfigHexParsingIsLenientButNotSloppy() recorded an issue at AudioDepacketizerTests.swift:46:9: Expectation failed: try AudioSpecificConfig.parse(hex: " 14a8 ").sampleRate == 16_000
✘ Test rtpPacketParsesAOneByteHeaderExtension() recorded an issue at RTPPacketTests.swift:74:9: Expectation failed: (Array(decoded.elements.first?.value ?? Data()) → [171, 0, 0]) == ([0xAB] → [171])
± inserted [0, 0]
✘ Test h264LostMiddleFragmentDiscardsTheRunAndCountsTheLoss() recorded an issue at H264DepacketizerTests.swift:100:9: Expectation failed: wantsKeyframe
✘ Test h264SingleFragmentUnitIsAccepted() recorded an issue at H264DepacketizerTests.swift:53:9: Expectation failed: (frames.count → 0) == 1
✘ Test h264SingleFragmentUnitIsAccepted() recorded an issue at H264DepacketizerTests.swift:54:25: Expectation failed: (frames → []).first → nil → nil
✔ Test h265LongFragmentRunRoundTripsWithAndWithoutDONL() passed after 0.325 seconds.
✔ Test h265FragmentUnitClaimingAnUnfragmentableTypeIsRejected() passed after 0.330 seconds.
✔ Test h265FragmentUnitsReassembleByteIdenticallyToTheOriginalNAL() passed after 0.330 seconds.
✔ Test h265AggregationPacketWithDONLUnpacksIdentically() passed after 0.330 seconds.
✔ Test h265FragmentUnitsWithDONLReassembleIdentically() passed after 0.330 seconds.
✔ Test h265RASLAfterCRAIsDropped() passed after 0.330 seconds.
✔ Test h265DONLDetectionReadsSpropMaxDonDiff() passed after 0.330 seconds.
✔ Test h265LostMiddleFragmentDiscardsTheRun() passed after 0.330 seconds.
✔ Test h265NonBaseLayerNALIsDropped() passed after 0.330 seconds.
✔ Test h265ShortPayloadIsReportedAndDropped() passed after 0.330 seconds.
✔ Test h265PACIAndReservedTypesAreReportedAsUnsupported() passed after 0.330 seconds.
✔ Test rtcpByeCarriesOurSSRCAndAPaddedReason() passed after 0.330 seconds.
✔ Test rtcpReportBuilderRoundTripsANegativeCumulativeLost() passed after 0.330 seconds.
✔ Test rtcpReceiverReportRoundTripsEveryField() passed after 0.333 seconds.
✔ Test rtcpReportBuilderProducesTheDocumentedSDESBytes() passed after 0.333 seconds.
✔ Test rtcpScheduleHalvesTheFirstIntervalAndRandomisesTheRest() passed after 0.333 seconds.
✔ Test rtcpFullIntraRequestIncrementsItsSequenceNumber() passed after 0.333 seconds.
✔ Test gapTrackerEscalatesAboveOnePercentLossAndRelaxesLater() passed after 0.333 seconds.
✔ Test gapTrackerNeverRequestsKeyframesForPlayback() passed after 0.333 seconds.
✔ Test gapTrackerThrottlesKeyframeRequests() passed after 0.333 seconds.
✔ Test h265TypeClassificationMatchesTheStandard() passed after 0.334 seconds.
✔ Test g711SourceResolutionMatchesTheEncodingNames() passed after 0.333 seconds.
✔ Test g711DecodeTableMatchesTheReferenceAlgorithm() passed after 0.333 seconds.
✔ Test g711HandlesEmptyAndOddLengthBuffers() passed after 0.333 seconds.
✔ Test g711EncodeInvertsDecodeOverAWholePayload() passed after 0.333 seconds.
✔ Test g711TablesEqualTheClosedForms() passed after 0.333 seconds.
✔ Test g711DecodeWritesLittleEndianSampleBytes() passed after 0.333 seconds.
✔ Test g711DepacketizerProducesLittleEndianPCMWithTheRightDuration() passed after 0.334 seconds.
✔ Test rtpHeaderExtensionSkipsOneBytePaddingAndStopsAtIDFifteen() passed after 0.334 seconds.
✔ Test rtpHeaderExtensionTreatsAnUnknownProfileAsOpaque() passed after 0.334 seconds.
✔ Test rtpHeaderExtensionParsesTheTwoByteForm() passed after 0.334 seconds.
✔ Test rtpHeaderExtensionReportsTruncationWithoutFailingThePacket() passed after 0.334 seconds.
✔ Test statisticsConvergeOnAKnownBitrate() passed after 0.334 seconds.
✔ Test statisticsLossFractionReflectsAGapOverTheWindow() passed after 0.334 seconds.
✔ Test statisticsClampImplausibleFrameIntervals() passed after 0.334 seconds.
✔ Test statisticsLatencyEstimateSumsItsFourTerms() passed after 0.334 seconds.
✔ Test statisticsConvergeOnAKnownFrameRate() passed after 0.334 seconds.
✔ Test statisticsJitterIsPublishedWithoutASecondSmoothing() passed after 0.334 seconds.
✔ Test statisticsFrameRateMovesTowardsANewRateAtTheDocumentedAlpha() passed after 0.334 seconds.
✔ Test statisticsRecordTheDecodeFieldsVigilVideoWrites() passed after 0.334 seconds.
✔ Test statisticsIgnoreAudioFramesForTheVideoFrameRate() passed after 0.342 seconds.
✔ Test aacMissingConfigIsRejectedAtConstruction() passed after 0.342 seconds.
✔ Test aacZeroLengthHeaderSectionNeedsConstantSize() passed after 0.343 seconds.
✔ Test aacFragmentedAccessUnitIsConcatenatedAcrossPackets() passed after 0.343 seconds.
✔ Test aacModeComparisonIsCaseInsensitive() passed after 0.343 seconds.
✔ Test h265AggregationPacketUnpacksSeveralNALUnitsInOrder() passed after 0.346 seconds.
✔ Test aacSizeMismatchEmitsNothingAndIsCounted() passed after 0.343 seconds.
✔ Test aacSingleAccessUnitPacketProducesOneFrame() passed after 0.343 seconds.
✔ Test aacHostilePayloadsAreDroppedSafely() passed after 0.343 seconds.
✘ Test audioSpecificConfigParsesTheDocumentedHikvisionConfigs() failed after 0.343 seconds with 2 issues.
↳ /// docs/spec-rtp.md §15.5. Every one of these is a real Hikvision `config=` value.
✔ Test audioSpecificConfigFrequencyIndexInvertsTheTable() passed after 0.344 seconds.
✔ Test audioSpecificConfigFallsBackToMonoForAProgramConfigElement() passed after 0.344 seconds.
✔ Test audioSpecificConfigKeepsTheRawBytesAsTheMagicCookie() passed after 0.344 seconds.
✘ Test audioSpecificConfigHexParsingIsLenientButNotSloppy() failed after 0.344 seconds with 1 issue.
↳ /// Upper case, lower case and surrounding whitespace all parse; anything else is rejected.
✔ Test audioSpecificConfigHandlesReservedAndEscapeFrequencyIndices() passed after 0.344 seconds.
✔ Test rtpSourceStateValidatesASourceOnItsSecondPacket() passed after 0.344 seconds.
✔ Test rtpSourceStateRestartsAfterTwoPacketsAtAWildlyDifferentSequence() passed after 0.344 seconds.
✔ Test rtpSourceStateJitterIsZeroForAPerfectlyPacedStream() passed after 0.344 seconds.
✔ Test rtpSourceStateReportBlockSaturatesFractionLost() passed after 0.344 seconds.
✔ Test rtpSourceStateArrivalConversionUsesIntegerMath() passed after 0.344 seconds.
✔ Test rtpSourceStateCountsLossAcrossASequenceWrap() passed after 0.344 seconds.
✔ Test h265AggregationPacketWithAnOversizedSubLengthIsRejectedSafely() passed after 0.348 seconds.
✔ Test h265AggregationPacketWithAOneByteUnitIsRejected() passed after 0.343 seconds.
✔ Test reorderBufferReportsAGapThatStraddlesTheWrapAsTwoRanges() passed after 0.343 seconds.
✔ Test reorderBufferEmitsAnInOrderRunAcrossTheWrap() passed after 0.343 seconds.
✔ Test g711RoundTripIsIdentityExceptForMuLawNegativeZero() passed after 0.347 seconds.
✔ Test reorderBufferRoundsCapacityUpToAPowerOfTwoAndCaps() passed after 0.343 seconds.
✔ Test reorderBufferForceFlushesWhenTheHoleExceedsItsCapacity() passed after 0.343 seconds.
✔ Test reorderBufferCountsALatePacketRatherThanReleasingItTwice() passed after 0.343 seconds.
✔ Test reorderBufferDropsADuplicateAcrossTheWrap() passed after 0.343 seconds.
✔ Test reorderBufferPassthroughStillReportsLossAndDuplicates() passed after 0.343 seconds.
✔ Test reorderBufferOrdersASwappedPairAcrossTheWrap() passed after 0.343 seconds.
✔ Test timestampUnwrapperProducesMonotoneOutputAcrossTwoToTheThirtySecond() passed after 0.343 seconds.
✔ Test timestampUnwrapperSeparatesAWrapFromADiscontinuity() passed after 0.343 seconds.
✔ Test timestampUnwrapperPlacesAReorderedPacketThatStraddlesTheWrap() passed after 0.343 seconds.
✔ Test timestampUnwrapperHonoursAnExplicitRTPInfoOrigin() passed after 0.343 seconds.
✔ Test timestampUnwrapperRebasesOnTheFirstValue() passed after 0.343 seconds.
✔ Test adtsHeaderEncodesFrameLengthAcrossItsThreeFields() passed after 0.342 seconds.
✔ Test adtsHeaderClampsAnUnknownSampleRate() passed after 0.342 seconds.
✔ Test adtsHeaderMatchesTheDocumentedVector() passed after 0.342 seconds.
✔ Test rtpTrackReceiverCapturesTheCameraSDESStrings() passed after 0.342 seconds.
✔ Test rtpTrackFormatResolvesTheHikvisionEncodingNames() passed after 0.342 seconds.
✔ Test rtpTrackReceiverReportsLossAndAsksForAKeyframeOnce() passed after 0.342 seconds.
✔ Test rtpTrackReceiverRefusesAFormatItCannotDepacketize() passed after 0.342 seconds.
✔ Test reorderBufferEscalatesAndRelaxesWithoutLosingHeldPackets() passed after 0.344 seconds.
✔ Test rtpTrackReceiverRateLimitsRepeatedMalformedEvents() passed after 0.342 seconds.
✔ Test rtpTrackReceiverDropsAPayloadTypeItDidNotNegotiate() passed after 0.342 seconds.
✔ Test rtpTrackReceiverReportsAByeForOurSource() passed after 0.342 seconds.
✔ Test rtpTrackFormatRejectsANonPositiveClockRate() passed after 0.338 seconds.
✔ Test rtpTrackReceiverResetKeepsMonotoneCountersAndClearsState() passed after 0.338 seconds.
✔ Test rtpTrackReceiverReportsAnSSRCChangeAndResetsEverything() passed after 0.338 seconds.
✔ Test rtpTrackReceiverCountsWireBytesForTheBitrate() passed after 0.338 seconds.
✔ Test rtpTrackReceiverCountsEachHeaderFailureSeparately() passed after 0.338 seconds.
✔ Test rtpTrackReceiverAbsorbsASenderReportAndPublishesTheWallClock() passed after 0.338 seconds.
✔ Test rtpTrackReceiverIgnoresAByeForADifferentSource() passed after 0.338 seconds.
✔ Test rtpTrackReceiverCountsAMisalignedRTCPBuffer() passed after 0.338 seconds.
✔ Test rtpTrackReceiverDropsAZeroLengthPayload() passed after 0.338 seconds.
✔ Test aacMultipleAccessUnitPacketProducesFramesInOrder() passed after 0.347 seconds.
✔ Test rtpTrackReceiverAcceptsAnRTPInfoSeed() passed after 0.338 seconds.
✔ Test rtpTrackReceiverOffersACoalescableDeadline() passed after 0.338 seconds.
✔ Test rtpTrackReceiverEmitsACompoundReportOnTheFirstTick() passed after 0.338 seconds.
✔ Test rtpPacketParsesEveryCSRCCountOffsetCorrectly() passed after 0.338 seconds.
✔ Test rtpPacketRejectsAnythingShorterThanTheFixedHeader() passed after 0.338 seconds.
✔ Test rtpPacketParsesTheSpecificationHeaderVector() passed after 0.338 seconds.
✔ Test rtpPacketAcceptsPaddingThatFillsTheWholePayload() passed after 0.338 seconds.
✔ Test rtpPacketStripsPaddingAndKeepsTheWireLength() passed after 0.338 seconds.
✔ Test rtpSourceStateReproducesTheHandComputedA8JitterSequence() passed after 0.338 seconds.
✔ Test rtpPacketRejectsAZeroPaddingLength() passed after 0.338 seconds.
✔ Test rtpPacketRejectsATruncatedExtensionHeader() passed after 0.338 seconds.
✔ Test rtpPacketAcceptsAZeroWordHeaderExtension() passed after 0.338 seconds.
✔ Test rtpPacketRejectsPaddingThatWouldEatTheHeader() passed after 0.338 seconds.
✔ Test rtpPacketRejectsPaddingLargerThanThePacket() passed after 0.338 seconds.
✔ Test rtpPacketRejectsACSRCCountThatExceedsThePacket() passed after 0.338 seconds.
✔ Test rtpPacketParsesFromASliceWithANonZeroStartIndex() passed after 0.338 seconds.
✔ Test rtpPacketAcceptsAnEmptyPayloadAfterPaddingRemoval() passed after 0.338 seconds.
✔ Test rtpPacketRejectsAnExtensionLengthThatRunsPastTheEnd() passed after 0.337 seconds.
✘ Test rtpPacketParsesAOneByteHeaderExtension() failed after 0.337 seconds with 1 issue.
✔ Test rtcpFlagsAMisalignedBufferAndParsesWhatFits() passed after 0.337 seconds.
✔ Test rtcpSignExtendsANegativeCumulativeLost() passed after 0.337 seconds.
✔ Test h265RandomPayloadsNeverCrashOrEmitCorruptFrames() passed after 0.350 seconds.
✔ Test rtcpStopsAtASubPacketWhoseLengthOverrunsTheBuffer() passed after 0.337 seconds.
✔ Test rtcpParsesTheSpecificationSenderReportVector() passed after 0.337 seconds.
✔ Test rtcpParsesACompoundOfSenderReportSDESAndBye() passed after 0.337 seconds.
✔ Test rtcpSkipsAnUnknownPacketTypeByItsLength() passed after 0.337 seconds.
✔ Test rtcpRejectsAVersionOtherThanTwoWithoutTrapping() passed after 0.337 seconds.
✔ Test rtcpMarksAnUnsetCameraClockAsImplausible() passed after 0.337 seconds.
✔ Test seqGapRangesSplitsARunThatStraddlesTheWrap() passed after 0.337 seconds.
✔ Test sequenceUnwrapperDoesNotRewindOnAReorderedPacket() passed after 0.337 seconds.
✔ Test sequenceUnwrapperStaysMonotoneAcrossTheWrap() passed after 0.337 seconds.
✔ Test seqLessMatchesTheSpecificationTable() passed after 0.337 seconds.
✔ Test rtpTrackReceiverSurvivesPseudoRandomBytes() passed after 0.344 seconds.
✔ Test rtcpSurvivesPseudoRandomBuffers() passed after 0.338 seconds.
✔ Test presentationClockSeedsOnItsFirstObservation() passed after 0.337 seconds.
✔ Test presentationClockHardResetsOnAOneSecondStep() passed after 0.337 seconds.
✔ Test presentationClockResetForgetsEverything() passed after 0.337 seconds.
✔ Test presentationClockIgnoresAsymmetricDelaySpikes() passed after 0.337 seconds.
✔ Test presentationClockConvergesToZeroRateErrorOnAConstantOffset() passed after 0.337 seconds.
✔ Test seqGapRangesIsEmptyWhenNothingIsMissing() passed after 0.337 seconds.
✔ Test presentationClockLatencyIsTheAgeOfTheFrame() passed after 0.337 seconds.
✔ Test g726PackingOrderDiffersBetweenRFC3551AndAAL2() passed after 0.337 seconds.
✔ Test g726ConstantCodewordStreamConverges() passed after 0.337 seconds.
✔ Test presentationClockTracksAPositiveRateError() passed after 0.337 seconds.
✔ Test g726DepacketizerCarriesStateBetweenPackets() passed after 0.337 seconds.
✔ Test seqLessIsConsistentAcrossAWindowStraddlingTheWrap() passed after 0.338 seconds.
✔ Test boundaryPolicyResetForgetsEverythingLearned() passed after 0.337 seconds.
✔ Test boundaryMarkerNeverSetStillProducesOneAccessUnitPerPicture() passed after 0.337 seconds.
✔ Test boundaryMarkerOnEveryPacketDoesNotSplitPictures() passed after 0.337 seconds.
✔ Test boundaryMarkerNeverSetWithFragmentedSlicesStillBounded() passed after 0.337 seconds.
✔ Test boundaryTwoPicturesSharingATimestampSplitOnSliceHeader() passed after 0.337 seconds.
✔ Test boundaryPrefixNALAfterSlicesStartsNewAccessUnit() passed after 0.337 seconds.
✔ Test boundaryPolicyDemotesMarkerAfterTwoViolations() passed after 0.337 seconds.
✔ Test boundaryPrematureCloseSelfCorrectsAndRequestsAKeyframe() passed after 0.337 seconds.
✔ Test boundaryMultiSlicePictureStaysOneAccessUnit() passed after 0.337 seconds.
✔ Test boundaryIdleAccessUnitIsForceClosedByTheTimeout() passed after 0.337 seconds.
✔ Test boundaryConfiguredMarkerTrustPinsThePolicy() passed after 0.337 seconds.
✔ Test boundaryMarkerMidPictureDoesNotSplitAccessUnit() passed after 0.337 seconds.
✔ Test boundaryCleanMarkerIsLearnedReliableAndReported() passed after 0.337 seconds.
✔ Test g726DecodeProducesTwoSamplesPerByte() passed after 0.338 seconds.
✔ Test h264STAPAUnpacksSeveralNALUnitsInOrder() passed after 0.337 seconds.
✔ Test h264ForbiddenBitSetIsDropped() passed after 0.337 seconds.
✔ Test h264STAPBSkipsItsDecodingOrderNumber() passed after 0.337 seconds.
✔ Test h264FillerDataIsDiscarded() passed after 0.337 seconds.
✔ Test h264FragmentUnitClaimingAnUnfragmentableTypeIsRejected() passed after 0.337 seconds.
✔ Test h264FragmentUnitsReassembleByteIdenticallyToTheOriginalNAL() passed after 0.337 seconds.
✔ Test reorderBufferResetForgetsEverything() passed after 0.343 seconds.
✔ Test h264STAPAWithAnOversizedSubLengthIsRejectedSafely() passed after 0.337 seconds.
✔ Test h264MTAPPacketsAreReportedAsUnsupported() passed after 0.337 seconds.
✔ Test h264LostLastFragmentDropsTheAccessUnit() passed after 0.337 seconds.
✔ Test h264LostFirstFragmentDiscardsTheRunAndEmitsNothing() passed after 0.337 seconds.
✔ Test h264DropClassFollowsNalRefIdc() passed after 0.337 seconds.
✔ Test h264ZeroLengthPayloadIsReportedAndDropped() passed after 0.337 seconds.
✔ Test h264InBandParameterSetsAreSurfacedWithoutAFrameOfTheirOwn() passed after 0.337 seconds.
✔ Test h264TruncatedFragmentHeaderIsDropped() passed after 0.337 seconds.
✔ Test h264ResetKeepsSDPParameterSetsAndForgetsInBandOnes() passed after 0.337 seconds.
✘ Test h264LostMiddleFragmentDiscardsTheRunAndCountsTheLoss() failed after 0.337 seconds with 1 issue.
↳ /// A lost **middle** fragment: the run is discarded, the loss is counted, and no truncated NAL
↳ /// reaches the decoder.
✔ Test h264STAPAWithAZeroLengthUnitIsRejected() passed after 0.337 seconds.
✘ Test h264SingleFragmentUnitIsAccepted() failed after 0.337 seconds with 2 issues.
↳ /// A one-packet fragment run (`S` and `E` both set) is legal and appears on some NVR streams.
✔ Test reorderBufferPassthroughAddsZeroLatencyForTheSameSequence() passed after 0.337 seconds.
✔ Test rtpSourceStateFillsLastSenderReportAndDelayFields() passed after 0.349 seconds.
✔ Test rtpPacketRejectsAVersionOtherThanTwo() passed after 0.341 seconds.
✔ Test h265DONLRunningPastTheEndIsRejected() passed after 0.324 seconds.
✔ Test rtpPacketSurvivesTenThousandPseudoRandomBuffers() passed after 0.342 seconds.
✔ Suite RTCPReportGeneration passed after 0.360 seconds.
✔ Suite GapPolicyBehaviour passed after 0.360 seconds.
✔ Suite G711Tests passed after 0.360 seconds.
✔ Suite RTPHeaderExtensionElements passed after 0.360 seconds.
✔ Suite StatisticsAlgebra passed after 0.360 seconds.
✔ Suite AACDepacketizerTests passed after 0.360 seconds.
✘ Suite AudioSpecificConfigTests failed after 0.360 seconds with 3 issues.
✔ Suite RTPSourceStateBehaviour passed after 0.360 seconds.
✔ Suite ReorderBufferBehaviour passed after 0.360 seconds.
✔ Suite TimestampUnwrapping passed after 0.360 seconds.
✔ Suite ADTSBuilderTests passed after 0.360 seconds.
✔ Suite RTPTrackReceiverBehaviour passed after 0.360 seconds.
✘ Suite RTPPacketParsing failed after 0.360 seconds with 1 issue.
✔ Suite RTCPParsing passed after 0.360 seconds.
✔ Suite SequenceArithmetic passed after 0.360 seconds.
✔ Suite PresentationClockBehaviour passed after 0.360 seconds.
✔ Suite AccessUnitBoundaryTests passed after 0.360 seconds.
✔ Suite H265DepacketizerTests passed after 0.361 seconds.
✔ Test h264RandomPayloadsNeverCrashOrEmitCorruptFrames() passed after 0.499 seconds.
✘ Suite H264DepacketizerTests failed after 0.520 seconds with 3 issues.
✔ Test g726StateStaysBoundedOverALongInput() passed after 2.319 seconds.
✔ Suite G726Tests passed after 2.338 seconds.
✘ Test run with 184 tests failed after 2.340 seconds with 7 issues.
EXIT=1
